// Jest Snapshot v1, https://goo.gl/fbAQLP

exports[`UniswapV3Staker.unit #multicall can be used to exit a position from multiple incentives 1`] = `231223`;

exports[`UniswapV3Staker.unit #onERC721Received on successful transfer with staking data has gas cost 1`] = `198544`;

exports[`UniswapV3Staker.unit Deposits #withdrawToken works and has gas cost 1`] = `74247`;

exports[`UniswapV3Staker.unit Incentives #createIncentive works and has gas cost 1`] = `60126`;

exports[`UniswapV3Staker.unit Incentives #endIncentive works and has gas cost 1`] = `33550`;

exports[`UniswapV3Staker.unit Stakes #claimReward has gas cost 1`] = `46922`;

exports[`UniswapV3Staker.unit Stakes #stakeToken works and has gas cost 1`] = `119582`;

exports[`UniswapV3Staker.unit Stakes #unstakeToken works and has gas cost 1`] = `100772`;
